[16:31:20.300] [300804] [I] JContainers64 v2-0-0-0
[16:31:20.300] [300804] [I] JContainersNG: form delete observer registered
[16:31:20.300] [300804] [I] JContainersNG: ready with serialization
[16:31:23.213] [300804] [I] JContainersNG: root_interface broadcast on 'JCNG'
[16:31:23.215] [300804] [I] JContainersNG: readFromFile RAW path = 'H:\SteamLibrary\steamapps\common\Skyrim Special Edition\Data\SKSE\Plugins\ProjectLegacy\PL_Registry.json'
[16:31:23.215] [300804] [I] JContainersNG: readFromFile RESOLVED to = 'H:\SteamLibrary\steamapps\common\Skyrim Special Edition\Data\SKSE\Plugins\ProjectLegacy\PL_Registry.json'
[16:31:23.216] [300804] [I] JContainersNG: readFromFile 'H:\SteamLibrary\steamapps\common\Skyrim Special Edition\Data\SKSE\Plugins\ProjectLegacy\PL_Registry.json' -> handle=1
[16:31:54.909] [295088] [I] JContainersNG: all natives registered
[16:32:25.819] [300804] [I] JContainersNG: kPreLoadGame fired
[16:32:25.916] [300804] [I] JContainersNG: revert callback triggered
[16:32:25.916] [300804] [I] JContainersNG: reverted
[16:32:28.407] [300804] [I] JContainersNG: load callback triggered
[16:32:28.407] [300804] [I] JContainersNG: restored 7 objects
[16:32:29.451] [300804] [I] JContainersNG: readFromFile RAW path = 'H:\SteamLibrary\steamapps\common\Skyrim Special Edition\Data\SKSE\Plugins\ProjectLegacy\PL_Registry.json'
[16:32:29.451] [300804] [I] JContainersNG: readFromFile RESOLVED to = 'H:\SteamLibrary\steamapps\common\Skyrim Special Edition\Data\SKSE\Plugins\ProjectLegacy\PL_Registry.json'
[16:32:29.451] [300804] [I] JContainersNG: readFromFile 'H:\SteamLibrary\steamapps\common\Skyrim Special Edition\Data\SKSE\Plugins\ProjectLegacy\PL_Registry.json' -> handle=8
[16:32:30.931] [283528] [I] JContainersNG: readFromFile RAW path = 'data/meshes/opubes/ats321s pubic hairs.json'
[16:32:30.931] [283528] [I] JContainersNG: readFromFile RESOLVED to = 'data/meshes/opubes/ats321s pubic hairs.json'
[16:32:30.932] [283528] [I] JContainersNG: readFromFile 'data/meshes/opubes/ats321s pubic hairs.json' -> handle=13
[16:32:30.965] [302688] [I] JContainersNG: readFromFile RAW path = 'data/meshes/opubes/Natural Pubic Hairstyles.json'
[16:32:30.965] [302688] [I] JContainersNG: readFromFile RESOLVED to = 'data/meshes/opubes/Natural Pubic Hairstyles.json'
[16:32:30.965] [302688] [I] JContainersNG: readFromFile 'data/meshes/opubes/Natural Pubic Hairstyles.json' -> handle=14
[16:32:33.026] [301740] [I] JContainersNG: readFromFile RAW path = 'data/meshes/opubes/Pubes Forever.json'
[16:32:33.026] [301740] [I] JContainersNG: readFromFile RESOLVED to = 'data/meshes/opubes/Pubes Forever.json'
[16:32:33.026] [301740] [I] JContainersNG: readFromFile 'data/meshes/opubes/Pubes Forever.json' -> handle=15
