[2026-07-26 22:07:47.305] [logger] [debug] NetImmerse Override Enabled
[2026-07-26 22:08:37.509] [logger] [debug] RaceMap::CreateDefaultMap - Added default slider maps for AedraRaceVampire from NordRace
[2026-07-26 22:08:37.509] [logger] [debug] RaceMap::CreateDefaultMap - Added default slider maps for AedraRace from NordRace
[2026-07-26 22:08:37.509] [logger] [error] RacePartDefaultGen::Accept - Could not bind default morphs for MaleHeadArgonian on ArgonianRace[0] using NordRace. Vertex mismatch (Actors\Character\Character Assets\MaleHeadArgonianChargen.tri - 1219 | Actors\Character\Character Assets\MaleHeadCustomizations.tri - 898).
[2026-07-26 22:08:37.509] [logger] [error] RacePartDefaultGen::Accept - Could not bind default morphs for MaleMouthArgonian on ArgonianRace[0] using NordRace. Vertex mismatch (Actors\Character\Character Assets\Mouth\MouthArgonianChargen.tri - 478 | Actors\Character\Character Assets\Mouth\MouthHumanChargen.tri - 141).
[2026-07-26 22:08:37.509] [logger] [error] RacePartDefaultGen::Accept - Could not bind default morphs for MaleEyesArgonian on ArgonianRace[0] using NordRace. Vertex mismatch (Actors\Character\Character Assets\EyesArgonianChargen.tri - 50 | Actors\Character\Character Assets\EyesMaleCharGen.tri - 186).
[2026-07-26 22:08:37.509] [logger] [error] RacePartDefaultGen::Accept - Could not bind default morphs for FemaleHeadArgonian on ArgonianRace[1] using NordRace. Vertex mismatch (Actors\Character\Character Assets\FemaleHeadArgonianChargen.tri - 1219 | Actors\Character\Character Assets\FemaleHeadCharGen.tri - 996).
[2026-07-26 22:08:37.509] [logger] [error] RacePartDefaultGen::Accept - Could not bind default morphs for FemaleEyesArgonian on ArgonianRace[1] using NordRace. Vertex mismatch (Actors\Character\Character Assets\EyesArgonianChargen.tri - 50 | Actors\Character\Character Assets\EyesFemaleChargen.tri - 176).
[2026-07-26 22:08:37.509] [logger] [error] RacePartDefaultGen::Accept - Could not bind default morphs for FemaleMouthArgonian on ArgonianRace[1] using NordRace. Vertex mismatch (Actors\Character\Character Assets\Mouth\MouthArgonianChargen.tri - 478 | Actors\Character\Character Assets\Mouth\MouthHumanFChargen.tri - 141).
[2026-07-26 22:08:37.509] [logger] [error] RacePartDefaultGen::Accept - Could not bind default morphs for MaleHeadArgonian on ArgonianRaceVampire[0] using NordRace. Vertex mismatch (Actors\Character\Character Assets\MaleHeadArgonianChargen.tri - 1219 | Actors\Character\Character Assets\MaleHeadCustomizations.tri - 898).
[2026-07-26 22:08:37.509] [logger] [error] RacePartDefaultGen::Accept - Could not bind default morphs for MaleMouthArgonian on ArgonianRaceVampire[0] using NordRace. Vertex mismatch (Actors\Character\Character Assets\Mouth\MouthArgonianChargen.tri - 478 | Actors\Character\Character Assets\Mouth\MouthHumanChargen.tri - 141).
[2026-07-26 22:08:37.509] [logger] [error] RacePartDefaultGen::Accept - Could not bind default morphs for MaleEyesArgonianVampire on ArgonianRaceVampire[0] using NordRace. Vertex mismatch (Actors\Character\Character Assets\EyesArgonianChargen.tri - 50 | Actors\Character\Character Assets\EyesMaleCharGen.tri - 186).
[2026-07-26 22:08:37.509] [logger] [error] RacePartDefaultGen::Accept - Could not bind default morphs for FemaleHeadArgonian on ArgonianRaceVampire[1] using NordRace. Vertex mismatch (Actors\Character\Character Assets\FemaleHeadArgonianChargen.tri - 1219 | Actors\Character\Character Assets\FemaleHeadCharGen.tri - 996).
[2026-07-26 22:08:37.509] [logger] [error] RacePartDefaultGen::Accept - Could not bind default morphs for FemaleMouthArgonian on ArgonianRaceVampire[1] using NordRace. Vertex mismatch (Actors\Character\Character Assets\Mouth\MouthArgonianChargen.tri - 478 | Actors\Character\Character Assets\Mouth\MouthHumanFChargen.tri - 141).
[2026-07-26 22:08:37.509] [logger] [error] RacePartDefaultGen::Accept - Could not bind default morphs for FemaleEyesArgonianVampire on ArgonianRaceVampire[1] using NordRace. Vertex mismatch (Actors\Character\Character Assets\EyesArgonianChargen.tri - 50 | Actors\Character\Character Assets\EyesFemaleChargen.tri - 176).
[2026-07-26 22:08:37.509] [logger] [debug] RacePartDefaultGen::Accept - Binding default morphs for MJP_MaleHeadDutch (Actors\MJP_Schwarzenegger\male\head\maleheadchargenNew.tri) on MJP_ArnordRace[0] using NordRace. (Actors\MJP_Schwarzenegger\male\head\maleheadchargenNew.tri - 898 | Actors\Character\Character Assets\MaleHeadCustomizations.tri - 898)
[2026-07-26 22:08:37.509] [logger] [debug] RaceMap::CreateDefaultMap - Added default slider maps for MJP_ArnordRace from NordRace
[2026-07-26 22:08:37.509] [logger] [debug] RacePartDefaultGen::Accept - Binding default morphs for MJP_MaleHeadDutch (Actors\MJP_Schwarzenegger\male\head\maleheadchargenNew.tri) on MJP_ArnordRaceT800[0] using NordRace. (Actors\MJP_Schwarzenegger\male\head\maleheadchargenNew.tri - 898 | Actors\Character\Character Assets\MaleHeadCustomizations.tri - 898)
[2026-07-26 22:08:37.509] [logger] [debug] RaceMap::CreateDefaultMap - Added default slider maps for MJP_ArnordRaceT800 from NordRace
[2026-07-26 22:08:37.509] [logger] [debug] RaceMap::CreateDefaultMap - Added default slider maps for DA13AfflictedRace from NordRace
[2026-07-26 22:08:37.509] [logger] [error] RacePartDefaultGen::Accept - Could not bind default morphs for 0RCOChildHeadNord on BretonRaceChild[0] using NordRace. Vertex mismatch (actors\character\ranaline\character assets\childheadchargen.tri - 996 | Actors\Character\Character Assets\MaleHeadCustomizations.tri - 898).
[2026-07-26 22:08:37.509] [logger] [error] RacePartDefaultGen::Accept - Could not bind default morphs for 0RCOChildEyesSurreal on BretonRaceChild[0] using NordRace. Vertex mismatch (actors\character\ranaline\character assets\eyeschildchargen.tri - 176 | Actors\Character\Character Assets\EyesMaleCharGen.tri - 186).
[2026-07-26 22:08:37.509] [logger] [debug] RacePartDefaultGen::Accept - Binding default morphs for 0RCOChildMouth (actors\character\ranaline\character assets\mouthchildchargen.tri) on BretonRaceChild[0] using NordRace. (actors\character\ranaline\character assets\mouthchildchargen.tri - 141 | Actors\Character\Character Assets\Mouth\MouthHumanChargen.tri - 141)
[2026-07-26 22:08:37.509] [logger] [debug] RacePartDefaultGen::Accept - Binding default morphs for 0RCOChildHeadNord (actors\character\ranaline\character assets\childheadchargen.tri) on BretonRaceChild[1] using NordRace. (actors\character\ranaline\character assets\childheadchargen.tri - 996 | Actors\Character\Character Assets\FemaleHeadCharGen.tri - 996)
[2026-07-26 22:08:37.509] [logger] [debug] RacePartDefaultGen::Accept - Binding default morphs for 0RCOChildEyesSensual (actors\character\ranaline\character assets\eyeschildchargen.tri) on BretonRaceChild[1] using NordRace. (actors\character\ranaline\character assets\eyeschildchargen.tri - 176 | Actors\Character\Character Assets\EyesFemaleChargen.tri - 176)
[2026-07-26 22:08:37.509] [logger] [debug] RacePartDefaultGen::Accept - Binding default morphs for 0RCOChildMouth (actors\character\ranaline\character assets\mouthchildchargen.tri) on BretonRaceChild[1] using NordRace. (actors\character\ranaline\character assets\mouthchildchargen.tri - 141 | Actors\Character\Character Assets\Mouth\MouthHumanFChargen.tri - 141)
[2026-07-26 22:08:37.509] [logger] [debug] RacePartDefaultGen::Accept - Binding default morphs for 0RCOChildBrows09 (actors\character\ranaline\character assets\childheadbrowschargen.tri) on BretonRaceChild[1] using NordRace. (actors\character\ranaline\character assets\childheadbrowschargen.tri - 102 | Actors\Character\Character Assets\FaceParts\FemaleHeadBrowsCharGen.tri - 102)
[2026-07-26 22:08:37.509] [logger] [debug] RaceMap::CreateDefaultMap - Added default slider maps for BretonRaceChild from NordRace
[2026-07-26 22:08:37.509] [logger] [error] RacePartDefaultGen::Accept - Could not bind default morphs for 0RCOChildHeadNord on BretonRaceChildVampire[0] using NordRace. Vertex mismatch (actors\character\ranaline\character assets\childheadchargen.tri - 996 | Actors\Character\Character Assets\MaleHeadCustomizations.tri - 898).
[2026-07-26 22:08:37.509] [logger] [error] RacePartDefaultGen::Accept - Could not bind default morphs for 0RCOChildEyesVampire on BretonRaceChildVampire[0] using NordRace. Vertex mismatch (actors\character\ranaline\character assets\eyeschildchargen.tri - 176 | Actors\Character\Character Assets\EyesMaleCharGen.tri - 186).
[2026-07-26 22:08:37.509] [logger] [debug] RacePartDefaultGen::Accept - Binding default morphs for 0RCOChildMouth (actors\character\ranaline\character assets\mouthchildchargen.tri) on BretonRaceChildVampire[0] using NordRace. (actors\character\ranaline\character assets\mouthchildchargen.tri - 141 | Actors\Character\Character Assets\Mouth\MouthHumanChargen.tri - 141)
[2026-07-26 22:08:37.509] [logger] [debug] RacePartDefaultGen::Accept - Binding default morphs for 0RCOChildHeadNord (actors\character\ranaline\character assets\childheadchargen.tri) on BretonRaceChildVampire[1] using NordRace. (actors\character\ranaline\character assets\childheadchargen.tri - 996 | Actors\Character\Character Assets\FemaleHeadCharGen.tri - 996)
[2026-07-26 22:08:37.509] [logger] [debug] RacePartDefaultGen::Accept - Binding default morphs for 0RCOChildEyesVampire (actors\character\ranaline\character assets\eyeschildchargen.tri) on BretonRaceChildVampire[1] using NordRace. (actors\character\ranaline\character assets\eyeschildchargen.tri - 176 | Actors\Character\Character Assets\EyesFemaleChargen.tri - 176)
[2026-07-26 22:08:37.509] [logger] [debug] RacePartDefaultGen::Accept - Binding default morphs for 0RCOChildBrows08 (actors\character\ranaline\character assets\childheadbrowschargen.tri) on BretonRaceChildVampire[1] using NordRace. (actors\character\ranaline\character assets\childheadbrowschargen.tri - 102 | Actors\Character\Character Assets\FaceParts\FemaleHeadBrowsCharGen.tri - 102)
[2026-07-26 22:08:37.509] [logger] [debug] RacePartDefaultGen::Accept - Binding default morphs for 0RCOChildMouth (actors\character\ranaline\character assets\mouthchildchargen.tri) on BretonRaceChildVampire[1] using NordRace. (actors\character\ranaline\character assets\mouthchildchargen.tri - 141 | Actors\Character\Character Assets\Mouth\MouthHumanFChargen.tri - 141)
[2026-07-26 22:08:37.509] [logger] [debug] RaceMap::CreateDefaultMap - Added default slider maps for BretonRaceChildVampire from NordRace
[2026-07-26 22:08:37.509] [logger] [error] RacePartDefaultGen::Accept - Could not bind default morphs for 00DZB_MaleMouthHumanoid on 00DZB_BretonRace[0] using NordRace. Vertex mismatch (!COR_Male\Mouth\MouthHumanChargen.tri - 8973 | Actors\Character\Character Assets\Mouth\MouthHumanChargen.tri - 141).
[2026-07-26 22:08:37.509] [logger] [error] RacePartDefaultGen::Accept - Could not bind default morphs for 00DZB_MaleEyesHumanLightBlue on 00DZB_BretonRace[0] using NordRace. Vertex mismatch (!COR_Male\Eyes\eyesmalechargen.tri - 2402 | Actors\Character\Character Assets\EyesMaleCharGen.tri - 186).
[2026-07-26 22:08:37.509] [logger] [error] RacePartDefaultGen::Accept - Could not bind default morphs for 00DZB_MaleHead on 00DZB_BretonRace[0] using NordRace. Vertex mismatch (!COR_Male\Head\MaleHeadCharGen.tri - 12206 | Actors\Character\Character Assets\MaleHeadCustomizations.tri - 898).
[2026-07-26 22:08:37.509] [logger] [error] RacePartDefaultGen::Accept - Could not bind default morphs for 00DZB_FemaleHead on 00DZB_BretonRace[1] using NordRace. Vertex mismatch (!COR\Head\FemaleHeadCharGen.tri - 12206 | Actors\Character\Character Assets\FemaleHeadCharGen.tri - 996).
[2026-07-26 22:08:37.509] [logger] [error] RacePartDefaultGen::Accept - Could not bind default morphs for 00DZB_FemaleEyesHuman_amber on 00DZB_BretonRace[1] using NordRace. Vertex mismatch (!COR\Eyes\eyesfemalechargen.tri - 2402 | Actors\Character\Character Assets\EyesFemaleChargen.tri - 176).
[2026-07-26 22:08:37.509] [logger] [error] RacePartDefaultGen::Accept - Could not bind default morphs for 00DZB_FemaleBrows_001 on 00DZB_BretonRace[1] using NordRace. Vertex mismatch (!COR\Brows\FemaleHeadBrowsCharGen.tri - 501 | Actors\Character\Character Assets\FaceParts\FemaleHeadBrowsCharGen.tri - 102).
[2026-07-26 22:08:37.509] [logger] [error] RacePartDefaultGen::Accept - Could not bind default morphs for 00DZB_FemaleMouth on 00DZB_BretonRace[1] using NordRace. Vertex mismatch (!COR\Mouth\MouthHumanFChargen.tri - 8973 | Actors\Character\Character Assets\Mouth\MouthHumanFChargen.tri - 141).
[2026-07-26 22:08:37.509] [logger] [error] RacePartDefaultGen::Accept - Could not bind default morphs for 00DZB_MaleEyesHumanVampire01 on 00DZB_BretonRaceVampire[0] using NordRace. Vertex mismatch (!COR_Male\Eyes\eyesmalechargen.tri - 2402 | Actors\Character\Character Assets\EyesMaleCharGen.tri - 186).
[2026-07-26 22:08:37.509] [logger] [error] RacePartDefaultGen::Accept - Could not bind default morphs for 00DZB_FemaleEyesHuman_Vampire01 on 00DZB_BretonRaceVampire[1] using NordRace. Vertex mismatch (!COR\Eyes\eyesfemalechargen.tri - 2402 | Actors\Character\Character Assets\EyesFemaleChargen.tri - 176).
[2026-07-26 22:08:37.509] [logger] [error] RacePartDefaultGen::Accept - Could not bind default morphs for 0BrynHead on 0BrynjolfRace[0] using NordRace. Vertex mismatch (0brynjolf-lyn\head\MaleHeadCharGen.tri - 3127 | Actors\Character\Character Assets\MaleHeadCustomizations.tri - 898).
[2026-07-26 22:08:37.509] [logger] [error] RacePartDefaultGen::Accept - Could not bind default morphs for 0BrynMouth on 0BrynjolfRace[0] using NordRace. Vertex mismatch (0brynjolf-lyn\head\MouthHumanChargen.tri - 2479 | Actors\Character\Character Assets\Mouth\MouthHumanChargen.tri - 141).
[2026-07-26 22:08:37.509] [logger] [error] RacePartDefaultGen::Accept - Could not bind default morphs for 0BrynEyes on 0BrynjolfRace[0] using NordRace. Vertex mismatch (0brynjolf-lyn\eyes\eyesmalechargen.tri - 674 | Actors\Character\Character Assets\EyesMaleCharGen.tri - 186).
[2026-07-26 22:08:37.509] [logger] [debug] RaceMap::CreateDefaultMap - Added default slider maps for 0BrynjolfRace from NordRace
[2026-07-26 22:08:37.509] [logger] [debug] RaceMap::CreateDefaultMap - Added default slider maps for WB_ConjureCraftlord_Race from NordRace
[2026-07-26 22:08:37.509] [logger] [error] RacePartDefaultGen::Accept - Could not bind default morphs for 00DZB_MaleMouthHumanoid on 00DZD_DarkElfRace[0] using NordRace. Vertex mismatch (!COR_Male\Mouth\MouthHumanChargen.tri - 8973 | Actors\Character\Character Assets\Mouth\MouthHumanChargen.tri - 141).
[2026-07-26 22:08:37.509] [logger] [error] RacePartDefaultGen::Accept - Could not bind default morphs for 00DZD_MaleEyes_DarkElfDeepRed on 00DZD_DarkElfRace[0] using NordRace. Vertex mismatch (!COR_Male\Eyes\eyesmalechargen.tri - 2402 | Actors\Character\Character Assets\EyesMaleCharGen.tri - 186).
[2026-07-26 22:08:37.509] [logger] [error] RacePartDefaultGen::Accept - Could not bind default morphs for 00DZB_MaleHead on 00DZD_DarkElfRace[0] using NordRace. Vertex mismatch (!COR_Male\Head\MaleHeadCharGen.tri - 12206 | Actors\Character\Character Assets\MaleHeadCustomizations.tri - 898).
[2026-07-26 22:08:37.509] [logger] [error] RacePartDefaultGen::Accept - Could not bind default morphs for 00DZB_FemaleHead on 00DZD_DarkElfRace[1] using NordRace. Vertex mismatch (!COR\Head\FemaleHeadCharGen.tri - 12206 | Actors\Character\Character Assets\FemaleHeadCharGen.tri - 996).
[2026-07-26 22:08:37.509] [logger] [error] RacePartDefaultGen::Accept - Could not bind default morphs for 00DZD_FemaleEyes_DarkElfDeepRed on 00DZD_DarkElfRace[1] using NordRace. Vertex mismatch (!COR\Eyes\eyesfemalechargen.tri - 2402 | Actors\Character\Character Assets\EyesFemaleChargen.tri - 176).
[2026-07-26 22:08:37.509] [logger] [error] RacePartDefaultGen::Accept - Could not bind default morphs for 00DZB_FemaleBrows_001 on 00DZD_DarkElfRace[1] using NordRace. Vertex mismatch (!COR\Brows\FemaleHeadBrowsCharGen.tri - 501 | Actors\Character\Character Assets\FaceParts\FemaleHeadBrowsCharGen.tri - 102).
[2026-07-26 22:08:37.509] [logger] [error] RacePartDefaultGen::Accept - Could not bind default morphs for 00DZB_FemaleMouth on 00DZD_DarkElfRace[1] using NordRace. Vertex mismatch (!COR\Mouth\MouthHumanFChargen.tri - 8973 | Actors\Character\Character Assets\Mouth\MouthHumanFChargen.tri - 141).
[2026-07-26 22:08:37.509] [logger] [error] RacePartDefaultGen::Accept - Could not bind default morphs for 00DZB_MaleEyesHumanVampire01 on 00DZD_DarkElfRaceVampire[0] using NordRace. Vertex mismatch (!COR_Male\Eyes\eyesmalechargen.tri - 2402 | Actors\Character\Character Assets\EyesMaleCharGen.tri - 186).
[2026-07-26 22:08:37.509] [logger] [error] RacePartDefaultGen::Accept - Could not bind default morphs for 00DZD_FemaleEyesDarkElf_Vampire on 00DZD_DarkElfRaceVampire[1] using NordRace. Vertex mismatch (!COR\Eyes\eyesfemalechargen.tri - 2402 | Actors\Character\Character Assets\EyesFemaleChargen.tri - 176).
[2026-07-26 22:08:37.509] [logger] [debug] RaceMap::CreateDefaultMap - Added default slider maps for ccBGSSSE025_DarkSeducerRace from NordRace
[2026-07-26 22:08:37.509] [logger] [debug] RaceMap::CreateDefaultMap - Added default slider maps for DLC2DremoraRace from NordRace
[2026-07-26 22:08:37.509] [logger] [debug] RaceMap::CreateDefaultMap - Added default slider maps for ZZCustomDremoraRace from NordRace
[2026-07-26 22:08:37.509] [logger] [debug] RaceMap::CreateDefaultMap - Added default slider maps for DremoraRace from NordRace
[2026-07-26 22:08:37.509] [logger] [debug] RaceMap::CreateDefaultMap - Added default slider maps for ZZDaedraFormRace from NordRace
[2026-07-26 22:08:37.509] [logger] [debug] RaceMap::CreateDefaultMap - Added default slider maps for EarthForgeRace_Mannequin from NordRace
[2026-07-26 22:08:37.509] [logger] [debug] RaceMap::CreateDefaultMap - Added default slider maps for ccBGSSSE025_GoldenSaintRace from NordRace
[2026-07-26 22:08:37.509] [logger] [debug] RaceMap::CreateDefaultMap - Added default slider maps for MWRHelRace from NordRace
[2026-07-26 22:08:37.509] [logger] [error] RacePartDefaultGen::Accept - Could not bind default morphs for 00DZB_MaleEyesHumanVampire01 on 00DZH_HighElfRaceVampire[0] using NordRace. Vertex mismatch (!COR_Male\Eyes\eyesmalechargen.tri - 2402 | Actors\Character\Character Assets\EyesMaleCharGen.tri - 186).
[2026-07-26 22:08:37.509] [logger] [error] RacePartDefaultGen::Accept - Could not bind default morphs for 00DZH_FemaleEyesHighElf_Vampire on 00DZH_HighElfRaceVampire[1] using NordRace. Vertex mismatch (!COR\Eyes\eyesfemalechargen.tri - 2402 | Actors\Character\Character Assets\EyesFemaleChargen.tri - 176).
[2026-07-26 22:08:37.510] [logger] [error] RacePartDefaultGen::Accept - Could not bind default morphs for 00DZB_MaleMouthHumanoid on 00DZH_HighElfRace[0] using NordRace. Vertex mismatch (!COR_Male\Mouth\MouthHumanChargen.tri - 8973 | Actors\Character\Character Assets\Mouth\MouthHumanChargen.tri - 141).
[2026-07-26 22:08:37.510] [logger] [error] RacePartDefaultGen::Accept - Could not bind default morphs for 00DZH_MaleEyes_HighElfOrange on 00DZH_HighElfRace[0] using NordRace. Vertex mismatch (!COR_Male\Eyes\eyesmalechargen.tri - 2402 | Actors\Character\Character Assets\EyesMaleCharGen.tri - 186).
[2026-07-26 22:08:37.510] [logger] [error] RacePartDefaultGen::Accept - Could not bind default morphs for 00DZB_MaleHead on 00DZH_HighElfRace[0] using NordRace. Vertex mismatch (!COR_Male\Head\MaleHeadCharGen.tri - 12206 | Actors\Character\Character Assets\MaleHeadCustomizations.tri - 898).
[2026-07-26 22:08:37.510] [logger] [error] RacePartDefaultGen::Accept - Could not bind default morphs for 00DZB_FemaleHead on 00DZH_HighElfRace[1] using NordRace. Vertex mismatch (!COR\Head\FemaleHeadCharGen.tri - 12206 | Actors\Character\Character Assets\FemaleHeadCharGen.tri - 996).
[2026-07-26 22:08:37.510] [logger] [error] RacePartDefaultGen::Accept - Could not bind default morphs for 00DZH_FemaleEyes_HighElfOrange on 00DZH_HighElfRace[1] using NordRace. Vertex mismatch (!COR\Eyes\eyesfemalechargen.tri - 2402 | Actors\Character\Character Assets\EyesFemaleChargen.tri - 176).
[2026-07-26 22:08:37.510] [logger] [error] RacePartDefaultGen::Accept - Could not bind default morphs for 00DZB_FemaleBrows_001 on 00DZH_HighElfRace[1] using NordRace. Vertex mismatch (!COR\Brows\FemaleHeadBrowsCharGen.tri - 501 | Actors\Character\Character Assets\FaceParts\FemaleHeadBrowsCharGen.tri - 102).
[2026-07-26 22:08:37.510] [logger] [error] RacePartDefaultGen::Accept - Could not bind default morphs for 00DZB_FemaleMouth on 00DZH_HighElfRace[1] using NordRace. Vertex mismatch (!COR\Mouth\MouthHumanFChargen.tri - 8973 | Actors\Character\Character Assets\Mouth\MouthHumanFChargen.tri - 141).
[2026-07-26 22:08:37.510] [logger] [error] RacePartDefaultGen::Accept - Could not bind default morphs for 0RCOChildHeadNord on ImperialRaceChild[0] using NordRace. Vertex mismatch (actors\character\ranaline\character assets\childheadchargen.tri - 996 | Actors\Character\Character Assets\MaleHeadCustomizations.tri - 898).
[2026-07-26 22:08:37.510] [logger] [error] RacePartDefaultGen::Accept - Could not bind default morphs for 0RCOChildEyesEntangled on ImperialRaceChild[0] using NordRace. Vertex mismatch (actors\character\ranaline\character assets\eyeschildchargen.tri - 176 | Actors\Character\Character Assets\EyesMaleCharGen.tri - 186).
[2026-07-26 22:08:37.510] [logger] [debug] RacePartDefaultGen::Accept - Binding default morphs for 0RCOChildMouth (actors\character\ranaline\character assets\mouthchildchargen.tri) on ImperialRaceChild[0] using NordRace. (actors\character\ranaline\character assets\mouthchildchargen.tri - 141 | Actors\Character\Character Assets\Mouth\MouthHumanChargen.tri - 141)
[2026-07-26 22:08:37.510] [logger] [debug] RacePartDefaultGen::Accept - Binding default morphs for 0RCOChildHeadNord (actors\character\ranaline\character assets\childheadchargen.tri) on ImperialRaceChild[1] using NordRace. (actors\character\ranaline\character assets\childheadchargen.tri - 996 | Actors\Character\Character Assets\FemaleHeadCharGen.tri - 996)
[2026-07-26 22:08:37.510] [logger] [debug] RacePartDefaultGen::Accept - Binding default morphs for 0RCOChildEyesEmerald (actors\character\ranaline\character assets\eyeschildchargen.tri) on ImperialRaceChild[1] using NordRace. (actors\character\ranaline\character assets\eyeschildchargen.tri - 176 | Actors\Character\Character Assets\EyesFemaleChargen.tri - 176)
[2026-07-26 22:08:37.510] [logger] [debug] RacePartDefaultGen::Accept - Binding default morphs for 0RCOChildBrows09 (actors\character\ranaline\character assets\childheadbrowschargen.tri) on ImperialRaceChild[1] using NordRace. (actors\character\ranaline\character assets\childheadbrowschargen.tri - 102 | Actors\Character\Character Assets\FaceParts\FemaleHeadBrowsCharGen.tri - 102)
[2026-07-26 22:08:37.510] [logger] [debug] RacePartDefaultGen::Accept - Binding default morphs for 0RCOChildMouth (actors\character\ranaline\character assets\mouthchildchargen.tri) on ImperialRaceChild[1] using NordRace. (actors\character\ranaline\character assets\mouthchildchargen.tri - 141 | Actors\Character\Character Assets\Mouth\MouthHumanFChargen.tri - 141)
[2026-07-26 22:08:37.510] [logger] [debug] RaceMap::CreateDefaultMap - Added default slider maps for ImperialRaceChild from NordRace
[2026-07-26 22:08:37.510] [logger] [error] RacePartDefaultGen::Accept - Could not bind default morphs for 0RCOChildHeadNord on ImperialRaceChildVampire[0] using NordRace. Vertex mismatch (actors\character\ranaline\character assets\childheadchargen.tri - 996 | Actors\Character\Character Assets\MaleHeadCustomizations.tri - 898).
[2026-07-26 22:08:37.510] [logger] [error] RacePartDefaultGen::Accept - Could not bind default morphs for 0RCOChildEyesVampire on ImperialRaceChildVampire[0] using NordRace. Vertex mismatch (actors\character\ranaline\character assets\eyeschildchargen.tri - 176 | Actors\Character\Character Assets\EyesMaleCharGen.tri - 186).
[2026-07-26 22:08:37.510] [logger] [debug] RacePartDefaultGen::Accept - Binding default morphs for 0RCOChildMouth (actors\character\ranaline\character assets\mouthchildchargen.tri) on ImperialRaceChildVampire[0] using NordRace. (actors\character\ranaline\character assets\mouthchildchargen.tri - 141 | Actors\Character\Character Assets\Mouth\MouthHumanChargen.tri - 141)
[2026-07-26 22:08:37.510] [logger] [debug] RacePartDefaultGen::Accept - Binding default morphs for 0RCOChildHeadNord (actors\character\ranaline\character assets\childheadchargen.tri) on ImperialRaceChildVampire[1] using NordRace. (actors\character\ranaline\character assets\childheadchargen.tri - 996 | Actors\Character\Character Assets\FemaleHeadCharGen.tri - 996)
[2026-07-26 22:08:37.510] [logger] [debug] RacePartDefaultGen::Accept - Binding default morphs for 0RCOChildEyesEmerald (actors\character\ranaline\character assets\eyeschildchargen.tri) on ImperialRaceChildVampire[1] using NordRace. (actors\character\ranaline\character assets\eyeschildchargen.tri - 176 | Actors\Character\Character Assets\EyesFemaleChargen.tri - 176)
[2026-07-26 22:08:37.510] [logger] [debug] RacePartDefaultGen::Accept - Binding default morphs for 0RCOChildBrows09 (actors\character\ranaline\character assets\childheadbrowschargen.tri) on ImperialRaceChildVampire[1] using NordRace. (actors\character\ranaline\character assets\childheadbrowschargen.tri - 102 | Actors\Character\Character Assets\FaceParts\FemaleHeadBrowsCharGen.tri - 102)
[2026-07-26 22:08:37.510] [logger] [debug] RacePartDefaultGen::Accept - Binding default morphs for 0RCOChildMouth (actors\character\ranaline\character assets\mouthchildchargen.tri) on ImperialRaceChildVampire[1] using NordRace. (actors\character\ranaline\character assets\mouthchildchargen.tri - 141 | Actors\Character\Character Assets\Mouth\MouthHumanFChargen.tri - 141)
[2026-07-26 22:08:37.510] [logger] [debug] RaceMap::CreateDefaultMap - Added default slider maps for ImperialRaceChildVampire from NordRace
[2026-07-26 22:08:37.510] [logger] [error] RacePartDefaultGen::Accept - Could not bind default morphs for 00DZB_MaleEyesHumanVampire01 on 00DZI_ImperialRaceVampire[0] using NordRace. Vertex mismatch (!COR_Male\Eyes\eyesmalechargen.tri - 2402 | Actors\Character\Character Assets\EyesMaleCharGen.tri - 186).
[2026-07-26 22:08:37.510] [logger] [error] RacePartDefaultGen::Accept - Could not bind default morphs for 00DZI_FemaleEyesImperial_Vampire on 00DZI_ImperialRaceVampire[1] using NordRace. Vertex mismatch (!COR\Eyes\eyesfemalechargen.tri - 2402 | Actors\Character\Character Assets\EyesFemaleChargen.tri - 176).
[2026-07-26 22:08:37.510] [logger] [error] RacePartDefaultGen::Accept - Could not bind default morphs for 00DZB_MaleMouthHumanoid on 00DZI_ImperialRace[0] using NordRace. Vertex mismatch (!COR_Male\Mouth\MouthHumanChargen.tri - 8973 | Actors\Character\Character Assets\Mouth\MouthHumanChargen.tri - 141).
[2026-07-26 22:08:37.510] [logger] [error] RacePartDefaultGen::Accept - Could not bind default morphs for 00DZB_MaleEyesHuman_Grey on 00DZI_ImperialRace[0] using NordRace. Vertex mismatch (!COR_Male\Eyes\eyesmalechargen.tri - 2402 | Actors\Character\Character Assets\EyesMaleCharGen.tri - 186).
[2026-07-26 22:08:37.510] [logger] [error] RacePartDefaultGen::Accept - Could not bind default morphs for 00DZB_MaleHead on 00DZI_ImperialRace[0] using NordRace. Vertex mismatch (!COR_Male\Head\MaleHeadCharGen.tri - 12206 | Actors\Character\Character Assets\MaleHeadCustomizations.tri - 898).
[2026-07-26 22:08:37.510] [logger] [error] RacePartDefaultGen::Accept - Could not bind default morphs for 00DZB_FemaleHead on 00DZI_ImperialRace[1] using NordRace. Vertex mismatch (!COR\Head\FemaleHeadCharGen.tri - 12206 | Actors\Character\Character Assets\FemaleHeadCharGen.tri - 996).
[2026-07-26 22:08:37.510] [logger] [error] RacePartDefaultGen::Accept - Could not bind default morphs for 00DZB_FemaleEyesHuman_Grey on 00DZI_ImperialRace[1] using NordRace. Vertex mismatch (!COR\Eyes\eyesfemalechargen.tri - 2402 | Actors\Character\Character Assets\EyesFemaleChargen.tri - 176).
[2026-07-26 22:08:37.510] [logger] [error] RacePartDefaultGen::Accept - Could not bind default morphs for 00DZB_FemaleBrows_001 on 00DZI_ImperialRace[1] using NordRace. Vertex mismatch (!COR\Brows\FemaleHeadBrowsCharGen.tri - 501 | Actors\Character\Character Assets\FaceParts\FemaleHeadBrowsCharGen.tri - 102).
[2026-07-26 22:08:37.510] [logger] [error] RacePartDefaultGen::Accept - Could not bind default morphs for 00DZB_FemaleMouth on 00DZI_ImperialRace[1] using NordRace. Vertex mismatch (!COR\Mouth\MouthHumanFChargen.tri - 8973 | Actors\Character\Character Assets\Mouth\MouthHumanFChargen.tri - 141).
[2026-07-26 22:08:37.510] [logger] [debug] RaceMap::CreateDefaultMap - Added default slider maps for PL_invisibleRace from NordRace
[2026-07-26 22:08:37.510] [logger] [error] RacePartDefaultGen::Accept - Could not bind default morphs for MaleHeadKhajiit on KhajiitRace[0] using NordRace. Vertex mismatch (Actors\Character\Character Assets\MaleHeadKhajiitChargen.tri - 1356 | Actors\Character\Character Assets\MaleHeadCustomizations.tri - 898).
[2026-07-26 22:08:37.510] [logger] [error] RacePartDefaultGen::Accept - Could not bind default morphs for MaleMouthKhajiit on KhajiitRace[0] using NordRace. Vertex mismatch (Actors\Character\Character Assets\Mouth\MaleMouthKhajiitChargen.tri - 643 | Actors\Character\Character Assets\Mouth\MouthHumanChargen.tri - 141).
[2026-07-26 22:08:37.510] [logger] [error] RacePartDefaultGen::Accept - Could not bind default morphs for MaleEyesKhajiitBase on KhajiitRace[0] using NordRace. Vertex mismatch (Actors\Character\Character Assets\EyesKhajiitChargen.tri - 50 | Actors\Character\Character Assets\EyesMaleCharGen.tri - 186).
[2026-07-26 22:08:37.510] [logger] [error] RacePartDefaultGen::Accept - Could not bind default morphs for FemaleHeadKhajiit on KhajiitRace[1] using NordRace. Vertex mismatch (Actors\Character\Character Assets\FemaleHeadKhajiitChargen.tri - 1342 | Actors\Character\Character Assets\FemaleHeadCharGen.tri - 996).
[2026-07-26 22:08:37.510] [logger] [error] RacePartDefaultGen::Accept - Could not bind default morphs for FemaleMouthKhajiit on KhajiitRace[1] using NordRace. Vertex mismatch (Actors\Character\Character Assets\Mouth\MouthKhajiitFemaleChargen.tri - 643 | Actors\Character\Character Assets\Mouth\MouthHumanFChargen.tri - 141).
[2026-07-26 22:08:37.510] [logger] [error] RacePartDefaultGen::Accept - Could not bind default morphs for FemaleEyesKhajiitBase on KhajiitRace[1] using NordRace. Vertex mismatch (Actors\Character\Character Assets\EyesKhajiitFemaleChargen.tri - 50 | Actors\Character\Character Assets\EyesFemaleChargen.tri - 176).
[2026-07-26 22:08:37.510] [logger] [error] RacePartDefaultGen::Accept - Could not bind default morphs for MaleHeadKhajiit on KhajiitRaceVampire[0] using NordRace. Vertex mismatch (Actors\Character\Character Assets\MaleHeadKhajiitChargen.tri - 1356 | Actors\Character\Character Assets\MaleHeadCustomizations.tri - 898).
[2026-07-26 22:08:37.510] [logger] [error] RacePartDefaultGen::Accept - Could not bind default morphs for MaleMouthKhajiit on KhajiitRaceVampire[0] using NordRace. Vertex mismatch (Actors\Character\Character Assets\Mouth\MaleMouthKhajiitChargen.tri - 643 | Actors\Character\Character Assets\Mouth\MouthHumanChargen.tri - 141).
[2026-07-26 22:08:37.510] [logger] [error] RacePartDefaultGen::Accept - Could not bind default morphs for MaleEyesKhajiitVampire on KhajiitRaceVampire[0] using NordRace. Vertex mismatch (Actors\Character\Character Assets\EyesKhajiitChargen.tri - 50 | Actors\Character\Character Assets\EyesMaleCharGen.tri - 186).
[2026-07-26 22:08:37.510] [logger] [error] RacePartDefaultGen::Accept - Could not bind default morphs for FemaleHeadKhajiit on KhajiitRaceVampire[1] using NordRace. Vertex mismatch (Actors\Character\Character Assets\FemaleHeadKhajiitChargen.tri - 1342 | Actors\Character\Character Assets\FemaleHeadCharGen.tri - 996).
[2026-07-26 22:08:37.510] [logger] [error] RacePartDefaultGen::Accept - Could not bind default morphs for FemaleMouthKhajiit on KhajiitRaceVampire[1] using NordRace. Vertex mismatch (Actors\Character\Character Assets\Mouth\MouthKhajiitFemaleChargen.tri - 643 | Actors\Character\Character Assets\Mouth\MouthHumanFChargen.tri - 141).
[2026-07-26 22:08:37.510] [logger] [error] RacePartDefaultGen::Accept - Could not bind default morphs for FemaleEyesKhajiitVampire on KhajiitRaceVampire[1] using NordRace. Vertex mismatch (Actors\Character\Character Assets\EyesKhajiitFemaleChargen.tri - 50 | Actors\Character\Character Assets\EyesFemaleChargen.tri - 176).
[2026-07-26 22:08:37.510] [logger] [debug] RaceMap::CreateDefaultMap - Added default slider maps for EarthForgeRace_Merchant from NordRace
[2026-07-26 22:08:37.510] [logger] [debug] RaceMap::CreateDefaultMap - Added default slider maps for TestRace from NordRace
[2026-07-26 22:08:37.510] [logger] [debug] RaceMap::CreateDefaultMap - Added default slider maps for NordRaceAstrid from NordRace
[2026-07-26 22:08:37.510] [logger] [debug] RaceMap::CreateDefaultMap - Added default slider maps for DLC1NordRace from NordRace
[2026-07-26 22:08:37.510] [logger] [debug] RaceMap::CreateDefaultMap - Added default slider maps for DLC2MiraakRace from NordRace
[2026-07-26 22:08:37.510] [logger] [debug] RaceMap::CreateDefaultMap - Added default slider maps for ManakinRace from NordRace
[2026-07-26 22:08:37.510] [logger] [error] RacePartDefaultGen::Accept - Could not bind default morphs for 0RCOChildHeadNord on NordRaceChild[0] using NordRace. Vertex mismatch (actors\character\ranaline\character assets\childheadchargen.tri - 996 | Actors\Character\Character Assets\MaleHeadCustomizations.tri - 898).
[2026-07-26 22:08:37.510] [logger] [error] RacePartDefaultGen::Accept - Could not bind default morphs for 0RCOChildEyesBlue on NordRaceChild[0] using NordRace. Vertex mismatch (actors\character\ranaline\character assets\eyeschildchargen.tri - 176 | Actors\Character\Character Assets\EyesMaleCharGen.tri - 186).
[2026-07-26 22:08:37.510] [logger] [debug] RacePartDefaultGen::Accept - Binding default morphs for 0RCOChildMouth (actors\character\ranaline\character assets\mouthchildchargen.tri) on NordRaceChild[0] using NordRace. (actors\character\ranaline\character assets\mouthchildchargen.tri - 141 | Actors\Character\Character Assets\Mouth\MouthHumanChargen.tri - 141)
[2026-07-26 22:08:37.510] [logger] [debug] RacePartDefaultGen::Accept - Binding default morphs for 0RCOChildHeadNord (actors\character\ranaline\character assets\childheadchargen.tri) on NordRaceChild[1] using NordRace. (actors\character\ranaline\character assets\childheadchargen.tri - 996 | Actors\Character\Character Assets\FemaleHeadCharGen.tri - 996)
[2026-07-26 22:08:37.510] [logger] [debug] RacePartDefaultGen::Accept - Binding default morphs for 0RCOChildEyesBlue (actors\character\ranaline\character assets\eyeschildchargen.tri) on NordRaceChild[1] using NordRace. (actors\character\ranaline\character assets\eyeschildchargen.tri - 176 | Actors\Character\Character Assets\EyesFemaleChargen.tri - 176)
[2026-07-26 22:08:37.510] [logger] [debug] RacePartDefaultGen::Accept - Binding default morphs for 0RCOChildBrows11 (actors\character\ranaline\character assets\childheadbrowschargen.tri) on NordRaceChild[1] using NordRace. (actors\character\ranaline\character assets\childheadbrowschargen.tri - 102 | Actors\Character\Character Assets\FaceParts\FemaleHeadBrowsCharGen.tri - 102)
[2026-07-26 22:08:37.510] [logger] [debug] RacePartDefaultGen::Accept - Binding default morphs for 0RCOChildMouth (actors\character\ranaline\character assets\mouthchildchargen.tri) on NordRaceChild[1] using NordRace. (actors\character\ranaline\character assets\mouthchildchargen.tri - 141 | Actors\Character\Character Assets\Mouth\MouthHumanFChargen.tri - 141)
[2026-07-26 22:08:37.510] [logger] [debug] RaceMap::CreateDefaultMap - Added default slider maps for NordRaceChild from NordRace
[2026-07-26 22:08:37.510] [logger] [error] RacePartDefaultGen::Accept - Could not bind default morphs for 0RCOChildHeadNord on NordRaceChildVampire[0] using NordRace. Vertex mismatch (actors\character\ranaline\character assets\childheadchargen.tri - 996 | Actors\Character\Character Assets\MaleHeadCustomizations.tri - 898).
[2026-07-26 22:08:37.510] [logger] [error] RacePartDefaultGen::Accept - Could not bind default morphs for 0RCOChildEyesVampire on NordRaceChildVampire[0] using NordRace. Vertex mismatch (actors\character\ranaline\character assets\eyeschildchargen.tri - 176 | Actors\Character\Character Assets\EyesMaleCharGen.tri - 186).
[2026-07-26 22:08:37.510] [logger] [debug] RacePartDefaultGen::Accept - Binding default morphs for 0RCOChildMouth (actors\character\ranaline\character assets\mouthchildchargen.tri) on NordRaceChildVampire[0] using NordRace. (actors\character\ranaline\character assets\mouthchildchargen.tri - 141 | Actors\Character\Character Assets\Mouth\MouthHumanChargen.tri - 141)
[2026-07-26 22:08:37.510] [logger] [debug] RacePartDefaultGen::Accept - Binding default morphs for 0RCOChildHeadNord (actors\character\ranaline\character assets\childheadchargen.tri) on NordRaceChildVampire[1] using NordRace. (actors\character\ranaline\character assets\childheadchargen.tri - 996 | Actors\Character\Character Assets\FemaleHeadCharGen.tri - 996)
[2026-07-26 22:08:37.510] [logger] [debug] RacePartDefaultGen::Accept - Binding default morphs for 0RCOChildEyesBlue (actors\character\ranaline\character assets\eyeschildchargen.tri) on NordRaceChildVampire[1] using NordRace. (actors\character\ranaline\character assets\eyeschildchargen.tri - 176 | Actors\Character\Character Assets\EyesFemaleChargen.tri - 176)
[2026-07-26 22:08:37.510] [logger] [debug] RacePartDefaultGen::Accept - Binding default morphs for 0RCOChildBrows11 (actors\character\ranaline\character assets\childheadbrowschargen.tri) on NordRaceChildVampire[1] using NordRace. (actors\character\ranaline\character assets\childheadbrowschargen.tri - 102 | Actors\Character\Character Assets\FaceParts\FemaleHeadBrowsCharGen.tri - 102)
[2026-07-26 22:08:37.510] [logger] [debug] RacePartDefaultGen::Accept - Binding default morphs for 0RCOChildMouth (actors\character\ranaline\character assets\mouthchildchargen.tri) on NordRaceChildVampire[1] using NordRace. (actors\character\ranaline\character assets\mouthchildchargen.tri - 141 | Actors\Character\Character Assets\Mouth\MouthHumanFChargen.tri - 141)
[2026-07-26 22:08:37.510] [logger] [debug] RaceMap::CreateDefaultMap - Added default slider maps for NordRaceChildVampire from NordRace
[2026-07-26 22:08:37.510] [logger] [error] RacePartDefaultGen::Accept - Could not bind default morphs for 00DZB_MaleMouthHumanoid on 00DZN_NordRace[0] using NordRace. Vertex mismatch (!COR_Male\Mouth\MouthHumanChargen.tri - 8973 | Actors\Character\Character Assets\Mouth\MouthHumanChargen.tri - 141).
[2026-07-26 22:08:37.510] [logger] [error] RacePartDefaultGen::Accept - Could not bind default morphs for 00DZB_MaleEyesHumanLightBlue on 00DZN_NordRace[0] using NordRace. Vertex mismatch (!COR_Male\Eyes\eyesmalechargen.tri - 2402 | Actors\Character\Character Assets\EyesMaleCharGen.tri - 186).
[2026-07-26 22:08:37.510] [logger] [error] RacePartDefaultGen::Accept - Could not bind default morphs for 00DZB_MaleHead on 00DZN_NordRace[0] using NordRace. Vertex mismatch (!COR_Male\Head\MaleHeadCharGen.tri - 12206 | Actors\Character\Character Assets\MaleHeadCustomizations.tri - 898).
[2026-07-26 22:08:37.510] [logger] [error] RacePartDefaultGen::Accept - Could not bind default morphs for 00DZB_FemaleHead on 00DZN_NordRace[1] using NordRace. Vertex mismatch (!COR\Head\FemaleHeadCharGen.tri - 12206 | Actors\Character\Character Assets\FemaleHeadCharGen.tri - 996).
[2026-07-26 22:08:37.510] [logger] [error] RacePartDefaultGen::Accept - Could not bind default morphs for 00DZB_FemaleEyesHuman_Blue on 00DZN_NordRace[1] using NordRace. Vertex mismatch (!COR\Eyes\eyesfemalechargen.tri - 2402 | Actors\Character\Character Assets\EyesFemaleChargen.tri - 176).
[2026-07-26 22:08:37.510] [logger] [error] RacePartDefaultGen::Accept - Could not bind default morphs for 00DZB_FemaleBrows_001 on 00DZN_NordRace[1] using NordRace. Vertex mismatch (!COR\Brows\FemaleHeadBrowsCharGen.tri - 501 | Actors\Character\Character Assets\FaceParts\FemaleHeadBrowsCharGen.tri - 102).
[2026-07-26 22:08:37.510] [logger] [error] RacePartDefaultGen::Accept - Could not bind default morphs for 00DZB_FemaleMouth on 00DZN_NordRace[1] using NordRace. Vertex mismatch (!COR\Mouth\MouthHumanFChargen.tri - 8973 | Actors\Character\Character Assets\Mouth\MouthHumanFChargen.tri - 141).
[2026-07-26 22:08:37.510] [logger] [error] RacePartDefaultGen::Accept - Could not bind default morphs for 00DZB_MaleEyesHumanVampire01 on 00DZN_NordRaceVampire[0] using NordRace. Vertex mismatch (!COR_Male\Eyes\eyesmalechargen.tri - 2402 | Actors\Character\Character Assets\EyesMaleCharGen.tri - 186).
[2026-07-26 22:08:37.510] [logger] [error] RacePartDefaultGen::Accept - Could not bind default morphs for 00DZN_FemaleEyesNord_Vampire on 00DZN_NordRaceVampire[1] using NordRace. Vertex mismatch (!COR\Eyes\eyesfemalechargen.tri - 2402 | Actors\Character\Character Assets\EyesFemaleChargen.tri - 176).
[2026-07-26 22:08:37.510] [logger] [debug] RaceMap::CreateDefaultMap - Added default slider maps for ElderRaceVampire from NordRace
[2026-07-26 22:08:37.510] [logger] [debug] RaceMap::CreateDefaultMap - Added default slider maps for ElderRace from NordRace
[2026-07-26 22:08:37.510] [logger] [error] RacePartDefaultGen::Accept - Could not bind default morphs for MaleMouthOrc1 on OrcRace[0] using NordRace. Vertex mismatch (Actors\Character\Character Assets\Mouth\MouthOrcChargen.tri - 348 | Actors\Character\Character Assets\Mouth\MouthHumanChargen.tri - 141).
[2026-07-26 22:08:37.510] [logger] [error] RacePartDefaultGen::Accept - Could not bind default morphs for FemaleMouthOrc on OrcRace[1] using NordRace. Vertex mismatch (Actors\Character\Character Assets\Mouth\MouthOrcFemaleChargen.tri - 348 | Actors\Character\Character Assets\Mouth\MouthHumanFChargen.tri - 141).
[2026-07-26 22:08:37.510] [logger] [error] RacePartDefaultGen::Accept - Could not bind default morphs for MaleMouthOrc1 on OrcRaceVampire[0] using NordRace. Vertex mismatch (Actors\Character\Character Assets\Mouth\MouthOrcChargen.tri - 348 | Actors\Character\Character Assets\Mouth\MouthHumanChargen.tri - 141).
[2026-07-26 22:08:37.510] [logger] [error] RacePartDefaultGen::Accept - Could not bind default morphs for FemaleMouthOrc on OrcRaceVampire[1] using NordRace. Vertex mismatch (Actors\Character\Character Assets\Mouth\MouthOrcFemaleChargen.tri - 348 | Actors\Character\Character Assets\Mouth\MouthHumanFChargen.tri - 141).
[2026-07-26 22:08:37.510] [logger] [error] RacePartDefaultGen::Accept - Could not bind default morphs for 00DZB_MaleEyesHumanVampire01 on 00DZO_OrcRaceVampire[0] using NordRace. Vertex mismatch (!COR_Male\Eyes\eyesmalechargen.tri - 2402 | Actors\Character\Character Assets\EyesMaleCharGen.tri - 186).
[2026-07-26 22:08:37.510] [logger] [error] RacePartDefaultGen::Accept - Could not bind default morphs for 00DZO_FemaleEyesOrc_Vampire on 00DZO_OrcRaceVampire[1] using NordRace. Vertex mismatch (!COR\Eyes\eyesfemalechargen.tri - 2402 | Actors\Character\Character Assets\EyesFemaleChargen.tri - 176).
[2026-07-26 22:08:37.510] [logger] [error] RacePartDefaultGen::Accept - Could not bind default morphs for 00DZB_MaleMouthHumanoid on 00DZO_OrcRace[0] using NordRace. Vertex mismatch (!COR_Male\Mouth\MouthHumanChargen.tri - 8973 | Actors\Character\Character Assets\Mouth\MouthHumanChargen.tri - 141).
[2026-07-26 22:08:37.510] [logger] [error] RacePartDefaultGen::Accept - Could not bind default morphs for 00DZO_MaleEyes_OrcIceBlue on 00DZO_OrcRace[0] using NordRace. Vertex mismatch (!COR_Male\Eyes\eyesmalechargen.tri - 2402 | Actors\Character\Character Assets\EyesMaleCharGen.tri - 186).
[2026-07-26 22:08:37.510] [logger] [error] RacePartDefaultGen::Accept - Could not bind default morphs for 00DZB_MaleHead on 00DZO_OrcRace[0] using NordRace. Vertex mismatch (!COR_Male\Head\MaleHeadCharGen.tri - 12206 | Actors\Character\Character Assets\MaleHeadCustomizations.tri - 898).
[2026-07-26 22:08:37.510] [logger] [error] RacePartDefaultGen::Accept - Could not bind default morphs for 00DZB_FemaleHead on 00DZO_OrcRace[1] using NordRace. Vertex mismatch (!COR\Head\FemaleHeadCharGen.tri - 12206 | Actors\Character\Character Assets\FemaleHeadCharGen.tri - 996).
[2026-07-26 22:08:37.510] [logger] [error] RacePartDefaultGen::Accept - Could not bind default morphs for 00DZO_FemaleEyes_OrcIceBlue on 00DZO_OrcRace[1] using NordRace. Vertex mismatch (!COR\Eyes\eyesfemalechargen.tri - 2402 | Actors\Character\Character Assets\EyesFemaleChargen.tri - 176).
[2026-07-26 22:08:37.510] [logger] [error] RacePartDefaultGen::Accept - Could not bind default morphs for 00DZB_FemaleBrows_001 on 00DZO_OrcRace[1] using NordRace. Vertex mismatch (!COR\Brows\FemaleHeadBrowsCharGen.tri - 501 | Actors\Character\Character Assets\FaceParts\FemaleHeadBrowsCharGen.tri - 102).
[2026-07-26 22:08:37.510] [logger] [error] RacePartDefaultGen::Accept - Could not bind default morphs for 00DZB_FemaleMouth on 00DZO_OrcRace[1] using NordRace. Vertex mismatch (!COR\Mouth\MouthHumanFChargen.tri - 8973 | Actors\Character\Character Assets\Mouth\MouthHumanFChargen.tri - 141).
[2026-07-26 22:08:37.510] [logger] [debug] RaceMap::CreateDefaultMap - Added default slider maps for 0_JasqCombatRace from NordRace
[2026-07-26 22:08:37.511] [logger] [debug] RaceMap::CreateDefaultMap - Added default slider maps for 0_MutezaCombatRace from NordRace
[2026-07-26 22:08:37.511] [logger] [debug] RaceMap::CreateDefaultMap - Added default slider maps for 0_ClaudioCombatRace from NordRace
[2026-07-26 22:08:37.511] [logger] [debug] RaceMap::CreateDefaultMap - Added default slider maps for 0_AmemnosCombatRace from NordRace
[2026-07-26 22:08:37.511] [logger] [debug] RaceMap::CreateDefaultMap - Added default slider maps for 0_AzrubalCombatRace from NordRace
[2026-07-26 22:08:37.511] [logger] [debug] RaceMap::CreateDefaultMap - Added default slider maps for 0_KaitoCombatRace from NordRace
[2026-07-26 22:08:37.511] [logger] [debug] RaceMap::CreateDefaultMap - Added default slider maps for 0_LlewellynCombatRace from NordRace
[2026-07-26 22:08:37.511] [logger] [debug] RaceMap::CreateDefaultMap - Added default slider maps for 0_GaoshaynCombatRace from NordRace
[2026-07-26 22:08:37.511] [logger] [debug] RaceMap::CreateDefaultMap - Added default slider maps for 0_DakrCombatRace from NordRace
[2026-07-26 22:08:37.511] [logger] [debug] RaceMap::CreateDefaultMap - Added default slider maps for 0_RaikufCombatRace from NordRace
[2026-07-26 22:08:37.511] [logger] [error] RacePartDefaultGen::Accept - Could not bind default morphs for 0RCOChildHeadNord on RedguardRaceChild[0] using NordRace. Vertex mismatch (actors\character\ranaline\character assets\childheadchargen.tri - 996 | Actors\Character\Character Assets\MaleHeadCustomizations.tri - 898).
[2026-07-26 22:08:37.511] [logger] [debug] RacePartDefaultGen::Accept - Binding default morphs for 0RCOChildMouth (actors\character\ranaline\character assets\mouthchildchargen.tri) on RedguardRaceChild[0] using NordRace. (actors\character\ranaline\character assets\mouthchildchargen.tri - 141 | Actors\Character\Character Assets\Mouth\MouthHumanChargen.tri - 141)
[2026-07-26 22:08:37.511] [logger] [error] RacePartDefaultGen::Accept - Could not bind default morphs for 0RCOChildEyesBrown on RedguardRaceChild[0] using NordRace. Vertex mismatch (actors\character\ranaline\character assets\eyeschildchargen.tri - 176 | Actors\Character\Character Assets\EyesMaleCharGen.tri - 186).
[2026-07-26 22:08:37.511] [logger] [debug] RacePartDefaultGen::Accept - Binding default morphs for 0RCOChildMouth (actors\character\ranaline\character assets\mouthchildchargen.tri) on RedguardRaceChild[1] using NordRace. (actors\character\ranaline\character assets\mouthchildchargen.tri - 141 | Actors\Character\Character Assets\Mouth\MouthHumanFChargen.tri - 141)
[2026-07-26 22:08:37.511] [logger] [debug] RacePartDefaultGen::Accept - Binding default morphs for 0RCOChildHeadNord (actors\character\ranaline\character assets\childheadchargen.tri) on RedguardRaceChild[1] using NordRace. (actors\character\ranaline\character assets\childheadchargen.tri - 996 | Actors\Character\Character Assets\FemaleHeadCharGen.tri - 996)
[2026-07-26 22:08:37.511] [logger] [debug] RacePartDefaultGen::Accept - Binding default morphs for 0RCOChildEyesBrown (actors\character\ranaline\character assets\eyeschildchargen.tri) on RedguardRaceChild[1] using NordRace. (actors\character\ranaline\character assets\eyeschildchargen.tri - 176 | Actors\Character\Character Assets\EyesFemaleChargen.tri - 176)
[2026-07-26 22:08:37.511] [logger] [debug] RacePartDefaultGen::Accept - Binding default morphs for 0RCOChildBrows08 (actors\character\ranaline\character assets\childheadbrowschargen.tri) on RedguardRaceChild[1] using NordRace. (actors\character\ranaline\character assets\childheadbrowschargen.tri - 102 | Actors\Character\Character Assets\FaceParts\FemaleHeadBrowsCharGen.tri - 102)
[2026-07-26 22:08:37.511] [logger] [debug] RaceMap::CreateDefaultMap - Added default slider maps for RedguardRaceChild from NordRace
[2026-07-26 22:08:37.511] [logger] [error] RacePartDefaultGen::Accept - Could not bind default morphs for 0RCOChildHeadNord on RedguardRaceChildVampire[0] using NordRace. Vertex mismatch (actors\character\ranaline\character assets\childheadchargen.tri - 996 | Actors\Character\Character Assets\MaleHeadCustomizations.tri - 898).
[2026-07-26 22:08:37.511] [logger] [error] RacePartDefaultGen::Accept - Could not bind default morphs for 0RCOChildEyesVampire on RedguardRaceChildVampire[0] using NordRace. Vertex mismatch (actors\character\ranaline\character assets\eyeschildchargen.tri - 176 | Actors\Character\Character Assets\EyesMaleCharGen.tri - 186).
[2026-07-26 22:08:37.511] [logger] [debug] RacePartDefaultGen::Accept - Binding default morphs for 0RCOChildMouth (actors\character\ranaline\character assets\mouthchildchargen.tri) on RedguardRaceChildVampire[0] using NordRace. (actors\character\ranaline\character assets\mouthchildchargen.tri - 141 | Actors\Character\Character Assets\Mouth\MouthHumanChargen.tri - 141)
[2026-07-26 22:08:37.511] [logger] [debug] RacePartDefaultGen::Accept - Binding default morphs for 0RCOChildMouth (actors\character\ranaline\character assets\mouthchildchargen.tri) on RedguardRaceChildVampire[1] using NordRace. (actors\character\ranaline\character assets\mouthchildchargen.tri - 141 | Actors\Character\Character Assets\Mouth\MouthHumanFChargen.tri - 141)
[2026-07-26 22:08:37.511] [logger] [debug] RacePartDefaultGen::Accept - Binding default morphs for 0RCOChildHeadNord (actors\character\ranaline\character assets\childheadchargen.tri) on RedguardRaceChildVampire[1] using NordRace. (actors\character\ranaline\character assets\childheadchargen.tri - 996 | Actors\Character\Character Assets\FemaleHeadCharGen.tri - 996)
[2026-07-26 22:08:37.511] [logger] [debug] RacePartDefaultGen::Accept - Binding default morphs for 0RCOChildEyesBrown (actors\character\ranaline\character assets\eyeschildchargen.tri) on RedguardRaceChildVampire[1] using NordRace. (actors\character\ranaline\character assets\eyeschildchargen.tri - 176 | Actors\Character\Character Assets\EyesFemaleChargen.tri - 176)
[2026-07-26 22:08:37.511] [logger] [debug] RacePartDefaultGen::Accept - Binding default morphs for 0RCOChildBrows08 (actors\character\ranaline\character assets\childheadbrowschargen.tri) on RedguardRaceChildVampire[1] using NordRace. (actors\character\ranaline\character assets\childheadbrowschargen.tri - 102 | Actors\Character\Character Assets\FaceParts\FemaleHeadBrowsCharGen.tri - 102)
[2026-07-26 22:08:37.511] [logger] [debug] RaceMap::CreateDefaultMap - Added default slider maps for RedguardRaceChildVampire from NordRace
[2026-07-26 22:08:37.511] [logger] [error] RacePartDefaultGen::Accept - Could not bind default morphs for 00DZB_MaleMouthHumanoid on 00DZR_RedguardRace[0] using NordRace. Vertex mismatch (!COR_Male\Mouth\MouthHumanChargen.tri - 8973 | Actors\Character\Character Assets\Mouth\MouthHumanChargen.tri - 141).
[2026-07-26 22:08:37.511] [logger] [error] RacePartDefaultGen::Accept - Could not bind default morphs for 00DZB_MaleEyesHuman_Brown on 00DZR_RedguardRace[0] using NordRace. Vertex mismatch (!COR_Male\Eyes\eyesmalechargen.tri - 2402 | Actors\Character\Character Assets\EyesMaleCharGen.tri - 186).
[2026-07-26 22:08:37.511] [logger] [error] RacePartDefaultGen::Accept - Could not bind default morphs for 00DZB_MaleHead on 00DZR_RedguardRace[0] using NordRace. Vertex mismatch (!COR_Male\Head\MaleHeadCharGen.tri - 12206 | Actors\Character\Character Assets\MaleHeadCustomizations.tri - 898).
[2026-07-26 22:08:37.511] [logger] [error] RacePartDefaultGen::Accept - Could not bind default morphs for 00DZB_FemaleHead on 00DZR_RedguardRace[1] using NordRace. Vertex mismatch (!COR\Head\FemaleHeadCharGen.tri - 12206 | Actors\Character\Character Assets\FemaleHeadCharGen.tri - 996).
[2026-07-26 22:08:37.511] [logger] [error] RacePartDefaultGen::Accept - Could not bind default morphs for 00DZB_FemaleEyesHuman_Brown on 00DZR_RedguardRace[1] using NordRace. Vertex mismatch (!COR\Eyes\eyesfemalechargen.tri - 2402 | Actors\Character\Character Assets\EyesFemaleChargen.tri - 176).
[2026-07-26 22:08:37.511] [logger] [error] RacePartDefaultGen::Accept - Could not bind default morphs for 00DZB_FemaleBrows_002 on 00DZR_RedguardRace[1] using NordRace. Vertex mismatch (!COR\Brows\FemaleHeadBrowsCharGen.tri - 501 | Actors\Character\Character Assets\FaceParts\FemaleHeadBrowsCharGen.tri - 102).
[2026-07-26 22:08:37.511] [logger] [error] RacePartDefaultGen::Accept - Could not bind default morphs for 00DZB_FemaleMouth on 00DZR_RedguardRace[1] using NordRace. Vertex mismatch (!COR\Mouth\MouthHumanFChargen.tri - 8973 | Actors\Character\Character Assets\Mouth\MouthHumanFChargen.tri - 141).
[2026-07-26 22:08:37.511] [logger] [error] RacePartDefaultGen::Accept - Could not bind default morphs for 00DZB_MaleEyesHumanVampire01 on 00DZR_RedguardRaceVampire[0] using NordRace. Vertex mismatch (!COR_Male\Eyes\eyesmalechargen.tri - 2402 | Actors\Character\Character Assets\EyesMaleCharGen.tri - 186).
[2026-07-26 22:08:37.511] [logger] [error] RacePartDefaultGen::Accept - Could not bind default morphs for 00DZR_FemaleEyesRG_Vampire on 00DZR_RedguardRaceVampire[1] using NordRace. Vertex mismatch (!COR\Eyes\eyesfemalechargen.tri - 2402 | Actors\Character\Character Assets\EyesFemaleChargen.tri - 176).
[2026-07-26 22:08:37.511] [logger] [debug] RaceMap::CreateDefaultMap - Added default slider maps for SnowElfRace from NordRace
[2026-07-26 22:08:37.511] [logger] [error] RacePartDefaultGen::Accept - Could not bind default morphs for 00DZB_MaleMouthHumanoid on 00DZW_WoodElfRace[0] using NordRace. Vertex mismatch (!COR_Male\Mouth\MouthHumanChargen.tri - 8973 | Actors\Character\Character Assets\Mouth\MouthHumanChargen.tri - 141).
[2026-07-26 22:08:37.511] [logger] [error] RacePartDefaultGen::Accept - Could not bind default morphs for 00DZW_MaleEyes_WoodElfDeepBrown on 00DZW_WoodElfRace[0] using NordRace. Vertex mismatch (!COR_Male\Eyes\eyesmalechargen.tri - 2402 | Actors\Character\Character Assets\EyesMaleCharGen.tri - 186).
[2026-07-26 22:08:37.511] [logger] [error] RacePartDefaultGen::Accept - Could not bind default morphs for 00DZB_MaleHead on 00DZW_WoodElfRace[0] using NordRace. Vertex mismatch (!COR_Male\Head\MaleHeadCharGen.tri - 12206 | Actors\Character\Character Assets\MaleHeadCustomizations.tri - 898).
[2026-07-26 22:08:37.511] [logger] [error] RacePartDefaultGen::Accept - Could not bind default morphs for 00DZB_FemaleHead on 00DZW_WoodElfRace[1] using NordRace. Vertex mismatch (!COR\Head\FemaleHeadCharGen.tri - 12206 | Actors\Character\Character Assets\FemaleHeadCharGen.tri - 996).
[2026-07-26 22:08:37.511] [logger] [error] RacePartDefaultGen::Accept - Could not bind default morphs for 00DZW_FemaleEyes_WoodElfDeepBrown on 00DZW_WoodElfRace[1] using NordRace. Vertex mismatch (!COR\Eyes\eyesfemalechargen.tri - 2402 | Actors\Character\Character Assets\EyesFemaleChargen.tri - 176).
[2026-07-26 22:08:37.511] [logger] [error] RacePartDefaultGen::Accept - Could not bind default morphs for 00DZB_FemaleBrows_001 on 00DZW_WoodElfRace[1] using NordRace. Vertex mismatch (!COR\Brows\FemaleHeadBrowsCharGen.tri - 501 | Actors\Character\Character Assets\FaceParts\FemaleHeadBrowsCharGen.tri - 102).
[2026-07-26 22:08:37.511] [logger] [error] RacePartDefaultGen::Accept - Could not bind default morphs for 00DZB_FemaleMouth on 00DZW_WoodElfRace[1] using NordRace. Vertex mismatch (!COR\Mouth\MouthHumanFChargen.tri - 8973 | Actors\Character\Character Assets\Mouth\MouthHumanFChargen.tri - 141).
[2026-07-26 22:08:37.511] [logger] [error] RacePartDefaultGen::Accept - Could not bind default morphs for 00DZB_MaleEyesHumanVampire01 on 00DZW_WoodElfRaceVampire[0] using NordRace. Vertex mismatch (!COR_Male\Eyes\eyesmalechargen.tri - 2402 | Actors\Character\Character Assets\EyesMaleCharGen.tri - 186).
[2026-07-26 22:08:37.511] [logger] [error] RacePartDefaultGen::Accept - Could not bind default morphs for 00DZW_FemaleEyesWoodElf_Vampire on 00DZW_WoodElfRaceVampire[1] using NordRace. Vertex mismatch (!COR\Eyes\eyesfemalechargen.tri - 2402 | Actors\Character\Character Assets\EyesFemaleChargen.tri - 176).
[2026-07-26 22:09:06.773] [logger] [info] Reverting...
[2026-07-26 22:09:09.747] [logger] [info] Loading...
[2026-07-26 22:09:09.747] [logger] [debug] SKEE64Serialization_Load - Loaded 0ms
[2026-07-26 22:09:11.775] [logger] [info] Saving...
[2026-07-26 22:09:11.775] [logger] [debug] SKEE64Serialization_Save - Serialized string table 0ms
[2026-07-26 22:09:11.775] [logger] [debug] SKEE64Serialization_Save - Player morph data 0ms
[2026-07-26 22:09:11.775] [logger] [debug] SKEE64Serialization_Save - Serialized transforms 0ms
[2026-07-26 22:09:11.775] [logger] [debug] SKEE64Serialization_Save - Serialized overlays 0ms
[2026-07-26 22:09:11.775] [logger] [debug] SKEE64Serialization_Save - Serialized overrides 0ms
[2026-07-26 22:09:11.775] [logger] [debug] SKEE64Serialization_Save - Serialized body morphs 0ms
[2026-07-26 22:09:11.775] [logger] [debug] SKEE64Serialization_Save - Serialized item data 0ms
[2026-07-26 22:09:24.336] [logger] [debug] MorphCache::CacheFile - Loaded meshes\actors\character\character assets\femalebody.tri (5010933 bytes)
[2026-07-26 22:09:24.340] [logger] [debug] MorphCache::CacheFile - Loaded meshes\actors\character\character assets\1stpersonfemalebody.tri (146200 bytes)
[2026-07-26 22:09:26.608] [logger] [debug] MorphCache::CacheFile - Loaded meshes\actors\character\character assets\femalefeet.tri (69066 bytes)
[2026-07-26 22:10:00.568] [logger] [debug] MorphCache::CacheFile - Loaded meshes\actors\character\character assets\femalehands.tri (3120 bytes)
[2026-07-26 22:10:00.575] [logger] [debug] MorphCache::CacheFile - Loaded meshes\actors\character\character assets\1stpersonfemalehands.tri (3120 bytes)
[2026-07-26 22:10:09.368] [logger] [debug] MorphCache::CacheFile - Loaded meshes\!cor\body\femalebody.tri (2411803 bytes)
[2026-07-26 22:10:09.373] [logger] [debug] MorphCache::CacheFile - Loaded meshes\!cor\hands\femalehands.tri (3120 bytes)
[2026-07-26 22:10:09.379] [logger] [debug] MorphCache::CacheFile - Loaded meshes\!cor\feet\femalefeet.tri (69066 bytes)
[2026-07-26 22:15:24.408] [logger] [debug] MorphCache::CacheFile - Loaded meshes\actors\character\character assets\malehands.tri (165869 bytes)
[2026-07-26 22:15:54.373] [logger] [debug] MorphCache::CacheFile - Loaded meshes\clothes\beggarclothes\torsof.tri (1239194 bytes)
[2026-07-26 22:15:54.375] [logger] [debug] MorphCache::CacheFile - Loaded meshes\clothes\prisoner\prisonershoes_f.tri (73233 bytes)
[2026-07-26 22:22:36.597] [logger] [debug] MorphCache::CacheFile - Loaded meshes\clothes\sharkcessories\basic\shield fancy gems.tri (6866637 bytes)
[2026-07-26 22:26:37.727] [logger] [debug] MorphCache::CacheFile - Loaded meshes\armor\studded\female\1stpersonbody.tri (195761 bytes)
[2026-07-26 22:26:37.803] [logger] [debug] MorphCache::CacheFile - Loaded meshes\armor\[elle] dark rebel\bodysuit.tri (8101353 bytes)
[2026-07-26 22:26:52.733] [logger] [debug] MorphCache::CacheFile - Loaded meshes\armor\[elle] dark rebel\boots.tri (2172166 bytes)
[2026-07-26 22:26:54.071] [logger] [debug] MorphCache::CacheFile - Loaded meshes\armor\[elle] dark rebel\kneepads.tri (5039866 bytes)
[2026-07-26 22:26:54.995] [logger] [debug] MorphCache::CacheFile - Loaded meshes\armor\[elle] dark rebel\panties.tri (1493552 bytes)
[2026-07-26 22:26:56.388] [logger] [debug] MorphCache::CacheFile - Loaded meshes\armor\[elle] dark rebel\glove r.tri (1349615 bytes)
[2026-07-26 22:29:04.852] [logger] [debug] MorphCache::CacheFile - Loaded meshes\melodic\egyptian accessory\nose stud.tri (11427 bytes)
[2026-07-26 22:30:02.300] [logger] [info] Saving...
[2026-07-26 22:30:02.300] [logger] [debug] SKEE64Serialization_Save - Serialized string table 0ms
[2026-07-26 22:30:02.300] [logger] [debug] SKEE64Serialization_Save - Player morph data 0ms
[2026-07-26 22:30:02.300] [logger] [debug] SKEE64Serialization_Save - Serialized transforms 0ms
[2026-07-26 22:30:02.300] [logger] [debug] SKEE64Serialization_Save - Serialized overlays 0ms
[2026-07-26 22:30:02.300] [logger] [debug] SKEE64Serialization_Save - Serialized overrides 0ms
[2026-07-26 22:30:02.303] [logger] [debug] SKEE64Serialization_Save - Serialized body morphs 3ms
[2026-07-26 22:30:02.303] [logger] [debug] SKEE64Serialization_Save - Serialized item data 0ms
